// Jest Snapshot v1, https://goo.gl/fbAQLP

exports[`MenuItem component should render MenuItem component 1`] = `
<MenuItemContainer
  onClick={[Function]}
  size="large"
>
  <BackgroundImageContainer
    className="background-image"
    imageUrl="testimage"
  />
  <styled.div
    className="content"
  >
    <styled.h1>
      HATS
    </styled.h1>
    <styled.span>
      SHOP NOW
    </styled.span>
  </styled.div>
</MenuItemContainer>
`;
