// Jest Snapshot v1, https://goo.gl/fbAQLP

exports[`CartIcon component should render CartIcon component 1`] = `
<CartContainer
  onClick={[MockFunction]}
>
  <Styled(Component)
    className="shopping-icon"
  />
  <ItemCountContainer>
    0
  </ItemCountContainer>
</CartContainer>
`;
