// Jest Snapshot v1, https://goo.gl/fbAQLP

exports[`Should render App component 1`] = `ShallowWrapper {}`;
